// Jest Snapshot v1, https://goo.gl/fbAQLP

exports[`Sausages renders correctly 1`] = `
Array [
  <section
    className="sc-AxhCb djfBDV"
  >
    <svg
      className="sc-AxgMl kRQlAl"
      onClick={[Function]}
    >
      back-arrow.svg
    </svg>
    <h2
      className="sc-AxhUy gghUbh"
    >
      Sausages
    </h2>
  </section>,
  <div
    className="sc-AxjAm jTSiGe"
  >
    <h3
      className="sc-AxirZ FzsEO"
    >
      Garden Gourmet - Sensational Bratwurst
    </h3>
    <img
      alt="Garden Gourmet - Sensational Bratwurst"
      className="sc-AxiKw erJOzJ"
      src="https://raw.githubusercontent.com/denniswitzel/capstone-project/master/src/images/sausages/Garden-Gourmet-Sensational-Bratwurst.png"
    />
  </div>,
  <div
    className="sc-AxjAm jTSiGe"
  >
    <h3
      className="sc-AxirZ FzsEO"
    >
      Like meat - Like Bratwurst
    </h3>
    <img
      alt="Like meat - Like Bratwurst"
      className="sc-AxiKw erJOzJ"
      src="https://raw.githubusercontent.com/denniswitzel/capstone-project/master/src/images/sausages/Like-meat-Bratwurst.png"
    />
  </div>,
  <div
    className="sc-AxjAm jTSiGe"
  >
    <h3
      className="sc-AxirZ FzsEO"
    >
      Like meat - Like Curry Knacker
    </h3>
    <img
      alt="Like meat - Like Curry Knacker"
      className="sc-AxiKw erJOzJ"
      src="https://raw.githubusercontent.com/denniswitzel/capstone-project/master/src/images/sausages/Like-meat-Curry-Knacker.png"
    />
  </div>,
  <div
    className="sc-AxjAm jTSiGe"
  >
    <h3
      className="sc-AxirZ FzsEO"
    >
      Like meat - Like Schinken Bratwurst
    </h3>
    <img
      alt="Like meat - Like Schinken Bratwurst"
      className="sc-AxiKw erJOzJ"
      src="https://raw.githubusercontent.com/denniswitzel/capstone-project/master/src/images/sausages/Like-meat-Schinken-Bratwurst.png"
    />
  </div>,
  <div
    className="sc-AxjAm jTSiGe"
  >
    <h3
      className="sc-AxirZ FzsEO"
    >
      Wheaty - Vegane Frankenberger
    </h3>
    <img
      alt="Wheaty - Vegane Frankenberger"
      className="sc-AxiKw erJOzJ"
      src="https://raw.githubusercontent.com/denniswitzel/capstone-project/master/src/images/sausages/Wheaty-Vegane-Frankenberger.png"
    />
  </div>,
  <div
    className="sc-AxjAm jTSiGe"
  >
    <h3
      className="sc-AxirZ FzsEO"
    >
      Wheaty - Vegane Weenies
    </h3>
    <img
      alt="Wheaty - Vegane Weenies"
      className="sc-AxiKw erJOzJ"
      src="https://raw.githubusercontent.com/denniswitzel/capstone-project/master/src/images/sausages/Wheaty-Vegane-Weenies.png"
    />
  </div>,
  <div
    className="sc-AxjAm jTSiGe"
  >
    <h3
      className="sc-AxirZ FzsEO"
    >
      Wheaty - Vegane Weenies
    </h3>
    <img
      alt="Wheaty - Vegane Weenies"
      className="sc-AxiKw erJOzJ"
      src="https://raw.githubusercontent.com/denniswitzel/capstone-project/master/src/images/sausages/Wheaty-Vegane-Weenies.png"
    />
  </div>,
  <div
    className="sc-AxjAm jTSiGe"
  >
    <h3
      className="sc-AxirZ FzsEO"
    >
      Wheaty - Vegane Weiße
    </h3>
    <img
      alt="Wheaty - Vegane Weiße"
      className="sc-AxiKw erJOzJ"
      src="https://raw.githubusercontent.com/denniswitzel/capstone-project/master/src/images/sausages/Wheaty-Vegane-Weiße.png"
    />
  </div>,
]
`;
