// Jest Snapshot v1, https://goo.gl/fbAQLP

exports[`Filter renders correctly 1`] = `
<section
  className="sc-AxjAm ccqfHO"
/>
`;
