// Jest Snapshot v1, https://goo.gl/fbAQLP

exports[`Nuggets renders correctly 1`] = `
Array [
  <section
    className="sc-AxhCb djfBDV"
  >
    <svg
      className="sc-AxgMl kRQlAl"
      onClick={[Function]}
    >
      back-arrow.svg
    </svg>
    <h2
      className="sc-AxhUy gghUbh"
    >
      Nuggets
    </h2>
  </section>,
  <div
    className="sc-AxjAm jTSiGe"
  >
    <h3
      className="sc-AxirZ FzsEO"
    >
      Like meat - Like Nuggets
    </h3>
    <img
      alt="Like meat - Like Nuggets"
      className="sc-AxiKw erJOzJ"
      src="https://raw.githubusercontent.com/denniswitzel/capstone-project/master/src/images/nuggets/Like-meat-Nuggets.png"
    />
  </div>,
  <div
    className="sc-AxjAm jTSiGe"
  >
    <h3
      className="sc-AxirZ FzsEO"
    >
      Rügenwalder - Mühlen Nuggets
    </h3>
    <img
      alt="Rügenwalder - Mühlen Nuggets"
      className="sc-AxiKw erJOzJ"
      src="https://raw.githubusercontent.com/denniswitzel/capstone-project/master/src/images/nuggets/Ruegenwalder-Muehlen-Nuggets.png"
    />
  </div>,
  <div
    className="sc-AxjAm jTSiGe"
  >
    <h3
      className="sc-AxirZ FzsEO"
    >
      Vegetarian Butcher - Beflügel Nuggets
    </h3>
    <img
      alt="Vegetarian Butcher - Beflügel Nuggets"
      className="sc-AxiKw erJOzJ"
      src="https://raw.githubusercontent.com/denniswitzel/capstone-project/master/src/images/nuggets/The-Vegetarian-Butcher-Vegane-Befl%C3%BCggel-Nuggets.png"
    />
  </div>,
  <div
    className="sc-AxjAm jTSiGe"
  >
    <h3
      className="sc-AxirZ FzsEO"
    >
      Vivera - Vegane Nuggets
    </h3>
    <img
      alt="Vivera - Vegane Nuggets"
      className="sc-AxiKw erJOzJ"
      src="https://raw.githubusercontent.com/denniswitzel/capstone-project/master/src/images/nuggets/Vivera-Vegane-Nuggets.png"
    />
  </div>,
]
`;
