// Jest Snapshot v1, https://goo.gl/fbAQLP

exports[`Minced renders correctly 1`] = `
Array [
  <section
    className="sc-AxhCb djfBDV"
  >
    <svg
      className="sc-AxgMl kRQlAl"
      onClick={[Function]}
    >
      back-arrow.svg
    </svg>
    <h2
      className="sc-AxhUy gghUbh"
    >
      Minced
    </h2>
  </section>,
  <div
    className="sc-AxjAm jTSiGe"
  >
    <h3
      className="sc-AxirZ FzsEO"
    >
      amidori - veggie minced
    </h3>
    <img
      alt="amidori - veggie minced"
      className="sc-AxiKw erJOzJ"
      src="https://raw.githubusercontent.com/denniswitzel/capstone-project/master/src/images/minced/Amidori-Veggie-Minced.png"
    />
  </div>,
  <div
    className="sc-AxjAm jTSiGe"
  >
    <h3
      className="sc-AxirZ FzsEO"
    >
      Farm Way - Veganer Hack
    </h3>
    <img
      alt="Farm Way - Veganer Hack"
      className="sc-AxiKw erJOzJ"
      src="https://raw.githubusercontent.com/denniswitzel/capstone-project/master/src/images/minced/Farm-Way-Veganes-Hack.png"
    />
  </div>,
  <div
    className="sc-AxjAm jTSiGe"
  >
    <h3
      className="sc-AxirZ FzsEO"
    >
      Garden Gourmet - Sensational Hack
    </h3>
    <img
      alt="Garden Gourmet - Sensational Hack"
      className="sc-AxiKw erJOzJ"
      src="https://raw.githubusercontent.com/denniswitzel/capstone-project/master/src/images/minced/Garden-Gourmet-Hack.png"
    />
  </div>,
  <div
    className="sc-AxjAm jTSiGe"
  >
    <h3
      className="sc-AxirZ FzsEO"
    >
      Like meat - Like Hack
    </h3>
    <img
      alt="Like meat - Like Hack"
      className="sc-AxiKw erJOzJ"
      src="https://raw.githubusercontent.com/denniswitzel/capstone-project/master/src/images/minced/Like-meat-Hack.png"
    />
  </div>,
  <div
    className="sc-AxjAm jTSiGe"
  >
    <h3
      className="sc-AxirZ FzsEO"
    >
      R端genwalder - Veganes M端hlen Hack
    </h3>
    <img
      alt="R端genwalder - Veganes M端hlen Hack"
      className="sc-AxiKw erJOzJ"
      src="https://raw.githubusercontent.com/denniswitzel/capstone-project/master/src/images/minced/Ruegenwalder-Muehlen-Hack.png"
    />
  </div>,
]
`;
