// Jest Snapshot v1, https://goo.gl/fbAQLP

exports[`ProductDetail renders correctly 1`] = `null`;
